Test inc-range Allowed
States 6
0:r0=41; 0:r1=41; [x]=0;
0:r0=41; 0:r1=42; [x]=1;
0:r0=41; 0:r1=43; [x]=1;
0:r0=42; 0:r1=42; [x]=1;
0:r0=42; 0:r1=43; [x]=1;
0:r0=43; 0:r1=43; [x]=0;
Ok
Witnesses
Positive: 4 Negative: 2
Condition exists ([x]=1)
Observation inc-range Sometimes 4 2
Hash=58d777180bb34b44c1a2df7d3f80dbcf

