Test oota-unused-load Allowed
States 3
0:r1=0; 0:r2=0; [x]=1; [y]=0; [z]=1;
0:r1=0; 0:r2=0; [x]=1; [y]=1; [z]=1;
0:r1=1; 0:r2=0; [x]=1; [y]=0; [z]=0;
No
Witnesses
Positive: 0 Negative: 9
Condition exists (0:r1=1 /\ 0:r2=1)
Observation oota-unused-load Never 0 9
Hash=60bdc7b0ec4a9e4208ac8b91e4a52374

