Test oota-causality-14 Allowed
States 3
0:r1=0; 1:r2=0; 1:r3=0; 1:r4=0;
0:r1=0; 1:r2=1; 1:r3=0; 1:r4=1;
0:r1=1; 1:r2=0; 1:r3=1; 1:r4=1;
Ok
Witnesses
Positive: 1 Negative: 2
Condition exists (0:r1=1 /\ 1:r2=0 /\ 1:r3=1 /\ not (1:r4=0))
Observation oota-causality-14 Sometimes 1 2
Hash=05b444c5ddc8d6a11236476bc35a0d02

