Test RR+RW+fetch.addrlxrlx-porlxrlx+posWrlxrlx-porlxrlx Allowed
States 3
0:r0=0; 0:r1=0; 1:r0=0; [x]=1;
0:r0=0; 0:r1=1; 1:r0=0; [x]=1;
0:r0=1; 0:r1=1; 1:r0=0; [x]=3;
No
Witnesses
Positive: 0 Negative: 3
Condition exists ([x]=3 /\ 0:r0=1 /\ 0:r1=0 /\ 1:r0=0)
Observation RR+RW+fetch.addrlxrlx-porlxrlx+posWrlxrlx-porlxrlx Never 0 3
Hash=e07dd4e2489838a059d51126f6329dcc

