Test wwmerge Allowed
States 15
0:a=0; 0:b=0; 2:c=0;
0:a=0; 0:b=0; 2:c=1;
0:a=0; 0:b=0; 2:c=2;
0:a=0; 0:b=1; 2:c=0;
0:a=0; 0:b=1; 2:c=1;
0:a=0; 0:b=1; 2:c=2;
0:a=1; 0:b=0; 2:c=1;
0:a=1; 0:b=0; 2:c=2;
0:a=1; 0:b=1; 2:c=0;
0:a=1; 0:b=1; 2:c=1;
0:a=1; 0:b=1; 2:c=2;
0:a=2; 0:b=0; 2:c=2;
0:a=2; 0:b=1; 2:c=0;
0:a=2; 0:b=1; 2:c=1;
0:a=2; 0:b=1; 2:c=2;
No
Witnesses
Positive: 0 Negative: 15
Condition exists (0:a=2 /\ 0:b=0 /\ 2:c=0)
Observation wwmerge Never 0 15
Hash=7ecdd1faa86a818bfd569158a7297f58

