Test mp-release-sequence-store-and-external-add Allowed
States 6
1:a=0; 1:b=0;
1:a=1; 1:b=0;
1:a=2; 1:b=0;
1:a=3; 1:b=0;
1:a=3; 1:b=1;
1:a=4; 1:b=0;
Undef
Witnesses
Positive: 1 Negative: 12
Flag *undef*
Condition exists (1:a=3 /\ 1:b=0)
Observation mp-release-sequence-store-and-external-add Sometimes 1 12
Hash=fbe898fac928b228c2b18d4bc22dc8d3

