Test mp-rs-add-est Allowed
States 7
1:a=0; 1:b=0; [x]=2;
1:a=0; 1:b=0; [x]=3;
1:a=1; 1:b=0; [x]=2;
1:a=1; 1:b=0; [x]=3;
1:a=2; 1:b=0; [x]=2;
1:a=2; 1:b=0; [x]=3;
1:a=3; 1:b=1; [x]=3;
No
Witnesses
Positive: 0 Negative: 12
Condition exists ([x]=3 /\ 1:a=3 /\ 1:b=0)
Observation mp-rs-add-est Never 0 12
Hash=976101a87444a1616cb6eb94a1e6b9b5

